---
source: src/paths/curves.rs
expression: "(eval_points, sample_points, derivative_points, normal_points)"
---
(
    [
        Vector3 {
            x: 0.0,
            y: 0.0,
            z: 0.0,
        },
        Vector3 {
            x: 0.2,
            y: 1.8200000000000003,
            z: 0.2,
        },
        Vector3 {
            x: 0.4000000000000001,
            y: 3.2800000000000007,
            z: 0.4000000000000001,
        },
        Vector3 {
            x: 0.6,
            y: 4.38,
            z: 0.6,
        },
        Vector3 {
            x: 0.8,
            y: 5.12,
            z: 0.8,
        },
        Vector3 {
            x: 1.0,
            y: 5.5,
            z: 1.0,
        },
        Vector3 {
            x: 1.2,
            y: 5.52,
            z: 1.2,
        },
        Vector3 {
            x: 1.4,
            y: 5.18,
            z: 1.4,
        },
        Vector3 {
            x: 1.6,
            y: 4.4799999999999995,
            z: 1.6,
        },
        Vector3 {
            x: 1.8,
            y: 3.42,
            z: 1.8,
        },
        Vector3 {
            x: 2.0,
            y: 2.0,
            z: 2.0,
        },
    ],
    [
        Vector3 {
            x: 0.0,
            y: 0.0,
            z: 0.0,
        },
        Vector3 {
            x: 0.2222222222222222,
            y: 2.0,
            z: 0.2222222222222222,
        },
        Vector3 {
            x: 0.4444444444444444,
            y: 3.5555555555555554,
            z: 0.4444444444444444,
        },
        Vector3 {
            x: 0.6666666666666667,
            y: 4.666666666666667,
            z: 0.6666666666666667,
        },
        Vector3 {
            x: 0.8888888888888888,
            y: 5.333333333333333,
            z: 0.8888888888888888,
        },
        Vector3 {
            x: 1.1111111111111112,
            y: 5.555555555555555,
            z: 1.1111111111111112,
        },
        Vector3 {
            x: 1.3333333333333333,
            y: 5.333333333333334,
            z: 1.3333333333333333,
        },
        Vector3 {
            x: 1.5555555555555556,
            y: 4.666666666666666,
            z: 1.5555555555555556,
        },
        Vector3 {
            x: 1.7777777777777777,
            y: 3.5555555555555562,
            z: 1.7777777777777777,
        },
        Vector3 {
            x: 2.0,
            y: 2.0,
            z: 2.0,
        },
    ],
    [
        Vector3 {
            x: 2.0,
            y: 20.0,
            z: 2.0,
        },
        Vector3 {
            x: 2.0625,
            y: 16.0,
            z: 2.0625,
        },
        Vector3 {
            x: 1.875,
            y: 12.0,
            z: 1.875,
        },
        Vector3 {
            x: 2.25,
            y: 10.0,
            z: 2.25,
        },
        Vector3 {
            x: 2.0,
            y: 6.0,
            z: 2.0,
        },
        Vector3 {
            x: 2.0,
            y: 0.0,
            z: 2.0,
        },
        Vector3 {
            x: 2.0,
            y: -2.0,
            z: 2.0,
        },
        Vector3 {
            x: 2.0,
            y: -6.0,
            z: 2.0,
        },
        Vector3 {
            x: 2.0,
            y: -10.0,
            z: 2.0,
        },
        Vector3 {
            x: 1.5,
            y: -13.0,
            z: 1.5,
        },
        Vector3 {
            x: 2.0,
            y: -16.0,
            z: 2.0,
        },
    ],
    [
        Vector3 {
            x: -0.08920645997052801,
            y: 0.10793540029472004,
            z: -0.9901475429766744,
        },
        Vector3 {
            x: -0.11071905166415218,
            y: 0.14108856890839527,
            z: -0.983786210170671,
        },
        Vector3 {
            x: -0.12925535947769864,
            y: 0.17276569934272878,
            z: -0.9764451163157655,
        },
        Vector3 {
            x: -0.16824115042038126,
            y: 0.2522615536871944,
            z: -0.952921310411594,
        },
        Vector3 {
            x: -0.2095465966266709,
            y: 0.3713602101199873,
            z: -0.9045340337332909,
        },
        Vector3 {
            x: -0.0,
            y: 1.0,
            z: -0.0,
        },
        Vector3 {
            x: 0.2113248654051872,
            y: 0.7886751345948129,
            z: 0.5773502691896258,
        },
        Vector3 {
            x: 0.2095465966266709,
            y: 0.3713602101199873,
            z: 0.9045340337332909,
        },
        Vector3 {
            x: 0.1552980596673317,
            y: 0.2235097016633414,
            z: 0.9622504486493764,
        },
        Vector3 {
            x: 0.1009014328020246,
            y: 0.12552091571578694,
            z: 0.9869465034014603,
        },
        Vector3 {
            x: 0.10792720111023596,
            y: 0.13658239111811232,
            z: 0.9847319278346618,
        },
    ],
)
