---
source: src/paths/curves.rs
expression: "(eval_points, sample_points, derivative_points, normal_points)"
---
(
    [
        Vector3 {
            x: 0.0,
            y: 0.0,
            z: 0.0,
        },
        Vector3 {
            x: 0.29999998,
            y: 2.9729998,
            z: 0.29999998,
        },
        Vector3 {
            x: 0.6,
            y: 5.784001,
            z: 0.6,
        },
        Vector3 {
            x: 0.90000004,
            y: 8.271,
            z: 0.90000004,
        },
        Vector3 {
            x: 1.2,
            y: 10.272,
            z: 1.2,
        },
        Vector3 {
            x: 1.5,
            y: 11.625,
            z: 1.5,
        },
        Vector3 {
            x: 1.8,
            y: 12.167999,
            z: 1.8,
        },
        Vector3 {
            x: 2.1,
            y: 11.739,
            z: 2.1,
        },
        Vector3 {
            x: 2.4,
            y: 10.176001,
            z: 2.4,
        },
        Vector3 {
            x: 2.6999998,
            y: 7.317001,
            z: 2.6999998,
        },
        Vector3 {
            x: 3.0,
            y: 3.0,
            z: 3.0,
        },
    ],
    [
        Vector3 {
            x: 0.0,
            y: 0.0,
            z: 0.0,
        },
        Vector3 {
            x: 0.3333333,
            y: 3.2962964,
            z: 0.3333333,
        },
        Vector3 {
            x: 0.6666666,
            y: 6.3703704,
            z: 0.6666666,
        },
        Vector3 {
            x: 0.99999994,
            y: 8.999999,
            z: 0.99999994,
        },
        Vector3 {
            x: 1.3333334,
            y: 10.962963,
            z: 1.3333334,
        },
        Vector3 {
            x: 1.6666667,
            y: 12.037038,
            z: 1.6666667,
        },
        Vector3 {
            x: 2.0,
            y: 12.0,
            z: 2.0,
        },
        Vector3 {
            x: 2.3333333,
            y: 10.629628,
            z: 2.3333333,
        },
        Vector3 {
            x: 2.6666665,
            y: 7.703703,
            z: 2.6666665,
        },
        Vector3 {
            x: 3.0,
            y: 3.0,
            z: 3.0,
        },
    ],
    [
        Vector3 {
            x: 3.0,
            y: 30.0,
            z: 3.0,
        },
        Vector3 {
            x: 3.125,
            y: 29.0,
            z: 3.125,
        },
        Vector3 {
            x: 2.75,
            y: 24.0,
            z: 2.75,
        },
        Vector3 {
            x: 3.0,
            y: 20.0,
            z: 3.0,
        },
        Vector3 {
            x: 3.0,
            y: 24.0,
            z: 3.0,
        },
        Vector3 {
            x: 3.0,
            y: 8.0,
            z: 3.0,
        },
        Vector3 {
            x: 3.0,
            y: 4.0,
            z: 3.0,
        },
        Vector3 {
            x: 3.0,
            y: -8.0,
            z: 3.0,
        },
        Vector3 {
            x: 3.0,
            y: -20.0,
            z: 3.0,
        },
        Vector3 {
            x: 2.0,
            y: -40.0,
            z: 2.0,
        },
        Vector3 {
            x: 2.0,
            y: -52.0,
            z: 2.0,
        },
    ],
    [
        Vector3 {
            x: -0.08920646,
            y: 0.10793537,
            z: -0.99014753,
        },
        Vector3 {
            x: -0.09517407,
            y: 0.11678457,
            z: -0.9885865,
        },
        Vector3 {
            x: -0.1003061,
            y: 0.124601305,
            z: -0.9871237,
        },
        Vector3 {
            x: -0.12517338,
            y: 0.16551077,
            z: -0.978232,
        },
        Vector3 {
            x: -0.1079272,
            y: 0.13658237,
            z: -0.9847319,
        },
        Vector3 {
            x: -0.21984835,
            y: 0.4137377,
            z: -0.8834522,
        },
        Vector3 {
            x: -0.23304205,
            y: 0.6892773,
            z: -0.6859944,
        },
        Vector3 {
            x: 0.21984835,
            y: 0.4137377,
            z: 0.8834522,
        },
        Vector3 {
            x: 0.12517338,
            y: 0.16551077,
            z: 0.978232,
        },
        Vector3 {
            x: 0.047387753,
            y: 0.05224496,
            z: 0.9975093,
        },
        Vector3 {
            x: 0.036929805,
            y: 0.03982514,
            z: 0.998524,
        },
    ],
)
