---
source: src/paths/path.rs
expression: samples
---
[
    Vector2 {
        x: 43.30127,
        y: 25.0,
    },
    Vector2 {
        x: 28.166002,
        y: 41.31194,
    },
    Vector2 {
        x: 7.452112,
        y: 49.44154,
    },
    Vector2 {
        x: -14.737757,
        y: 47.77864,
    },
    Vector2 {
        x: -34.008633,
        y: 36.6526,
    },
    Vector2 {
        x: -46.543686,
        y: 18.267057,
    },
    Vector2 {
        x: -49.86019,
        y: -3.7364948,
    },
    Vector2 {
        x: -43.301277,
        y: -24.99999,
    },
    Vector2 {
        x: -28.166004,
        y: -41.31194,
    },
    Vector2 {
        x: -7.452108,
        y: -49.441544,
    },
    Vector2 {
        x: 14.737773,
        y: -47.778637,
    },
    Vector2 {
        x: 34.008656,
        y: -36.652576,
    },
    Vector2 {
        x: 46.5437,
        y: -18.267021,
    },
    Vector2 {
        x: 49.860188,
        y: 3.7365382,
    },
    Vector2 {
        x: 43.30127,
        y: 25.0,
    },
]
