---
source: src/paths/curves.rs
expression: "(eval_points, sample_points, derivative_points, normal_points)"
---
(
    [
        Vector3 {
            x: 0.0,
            y: 0.0,
            z: 0.0,
        },
        Vector3 {
            x: 0.19999999,
            y: 1.8199999,
            z: 0.19999999,
        },
        Vector3 {
            x: 0.40000004,
            y: 3.2800002,
            z: 0.40000004,
        },
        Vector3 {
            x: 0.6,
            y: 4.38,
            z: 0.6,
        },
        Vector3 {
            x: 0.8000001,
            y: 5.1200004,
            z: 0.8000001,
        },
        Vector3 {
            x: 1.0,
            y: 5.5,
            z: 1.0,
        },
        Vector3 {
            x: 1.2,
            y: 5.5199995,
            z: 1.2,
        },
        Vector3 {
            x: 1.4,
            y: 5.1800003,
            z: 1.4,
        },
        Vector3 {
            x: 1.6000001,
            y: 4.48,
            z: 1.6000001,
        },
        Vector3 {
            x: 1.8,
            y: 3.4200003,
            z: 1.8,
        },
        Vector3 {
            x: 2.0,
            y: 2.0,
            z: 2.0,
        },
    ],
    [
        Vector3 {
            x: 0.0,
            y: 0.0,
            z: 0.0,
        },
        Vector3 {
            x: 0.22222222,
            y: 2.0,
            z: 0.22222222,
        },
        Vector3 {
            x: 0.44444445,
            y: 3.5555556,
            z: 0.44444445,
        },
        Vector3 {
            x: 0.6666666,
            y: 4.6666665,
            z: 0.6666666,
        },
        Vector3 {
            x: 0.88888896,
            y: 5.333334,
            z: 0.88888896,
        },
        Vector3 {
            x: 1.1111112,
            y: 5.5555553,
            z: 1.1111112,
        },
        Vector3 {
            x: 1.3333334,
            y: 5.333333,
            z: 1.3333334,
        },
        Vector3 {
            x: 1.5555556,
            y: 4.6666665,
            z: 1.5555556,
        },
        Vector3 {
            x: 1.7777778,
            y: 3.5555553,
            z: 1.7777778,
        },
        Vector3 {
            x: 2.0,
            y: 2.0,
            z: 2.0,
        },
    ],
    [
        Vector3 {
            x: 2.0,
            y: 20.0,
            z: 2.0,
        },
        Vector3 {
            x: 2.0000021,
            y: 16.40001,
            z: 2.0000021,
        },
        Vector3 {
            x: 1.999959,
            y: 12.799738,
            z: 1.999959,
        },
        Vector3 {
            x: 1.9998727,
            y: 9.199985,
            z: 1.9998727,
        },
        Vector3 {
            x: 1.999959,
            y: 5.6002307,
            z: 1.999959,
        },
        Vector3 {
            x: 2.0001316,
            y: 2.0011675,
            z: 2.0001316,
        },
        Vector3 {
            x: 2.0001316,
            y: -1.5999672,
            z: 2.0001316,
        },
        Vector3 {
            x: 2.0001316,
            y: -5.2004113,
            z: 2.0001316,
        },
        Vector3 {
            x: 2.0001316,
            y: -8.800165,
            z: 2.0001316,
        },
        Vector3 {
            x: 2.0001316,
            y: -12.400609,
            z: 2.0001316,
        },
        Vector3 {
            x: 1.999959,
            y: -15.999672,
            z: 1.999959,
        },
    ],
    [
        Vector3 {
            x: -0.08920647,
            y: 0.10793525,
            z: -0.9901476,
        },
        Vector3 {
            x: -0.10572321,
            y: 0.13307011,
            z: -0.98545164,
        },
        Vector3 {
            x: -0.12925535,
            y: 0.17276561,
            z: -0.97644514,
        },
        Vector3 {
            x: -0.16444048,
            y: 0.24352682,
            z: -0.9558525,
        },
        Vector3 {
            x: -0.21576308,
            y: 0.39582616,
            z: -0.8926186,
        },
        Vector3 {
            x: -0.21137467,
            y: 0.78851587,
            z: -0.5775496,
        },
        Vector3 {
            x: 0.1875719,
            y: 0.84995544,
            z: 0.49233377,
        },
        Vector3 {
            x: 0.2218471,
            y: 0.42318988,
            z: 0.8784613,
        },
        Vector3 {
            x: 0.16935521,
            y: 0.25487208,
            z: 0.9520289,
        },
        Vector3 {
            x: 0.13248245,
            y: 0.17862248,
            z: 0.9749576,
        },
        Vector3 {
            x: 0.1079272,
            y: 0.13658237,
            z: 0.9847319,
        },
    ],
)
