---
source: src/paths/path.rs
expression: samples
---
[
    Vector2 {
        x: 43.30127,
        y: 25.0,
    },
    Vector2 {
        x: 26.723286,
        y: 42.259506,
    },
    Vector2 {
        x: 4.023326,
        y: 49.837868,
    },
    Vector2 {
        x: -19.598331,
        y: 45.998974,
    },
    Vector2 {
        x: -38.730247,
        y: 31.62227,
    },
    Vector2 {
        x: -48.989532,
        y: 10.001288,
    },
    Vector2 {
        x: -48.025906,
        y: -13.910868,
    },
    Vector2 {
        x: -36.060127,
        y: -34.63621,
    },
    Vector2 {
        x: -15.833397,
        y: -47.426823,
    },
    Vector2 {
        x: 8.020576,
        y: -49.352512,
    },
    Vector2 {
        x: 30.037132,
        y: -39.972126,
    },
    Vector2 {
        x: 45.172535,
        y: -21.434599,
    },
    Vector2 {
        x: 49.95945,
        y: 2.0133295,
    },
    Vector2 {
        x: 43.30127,
        y: 25.0,
    },
]
