---
source: src/paths/arcs.rs
expression: "(eval_points, sample_points, derivative_points, normal_points)"
---
(
    [
        Vector3 {
            x: 10.000001,
            y: 20.0,
            z: 0.0,
        },
        Vector3 {
            x: 6.9098306,
            y: 19.510567,
            z: 0.0,
        },
        Vector3 {
            x: 4.122148,
            y: 18.09017,
            z: 0.0,
        },
        Vector3 {
            x: 1.9098291,
            y: 15.8778515,
            z: 0.0,
        },
        Vector3 {
            x: 0.4894352,
            y: 13.09017,
            z: 0.0,
        },
        Vector3 {
            x: 0.0,
            y: 10.000002,
            z: 0.0,
        },
        Vector3 {
            x: 0.48943424,
            y: 6.90983,
            z: 0.0,
        },
        Vector3 {
            x: 1.9098291,
            y: 4.1221485,
            z: 0.0,
        },
        Vector3 {
            x: 4.1221457,
            y: 1.909832,
            z: 0.0,
        },
        Vector3 {
            x: 6.909829,
            y: 0.4894352,
            z: 0.0,
        },
        Vector3 {
            x: 10.0,
            y: 0.0,
            z: 0.0,
        },
    ],
    [
        Vector3 {
            x: 10.000001,
            y: 20.0,
            z: 0.0,
        },
        Vector3 {
            x: 6.5797987,
            y: 19.396927,
            z: 0.0,
        },
        Vector3 {
            x: 3.5721235,
            y: 17.660444,
            z: 0.0,
        },
        Vector3 {
            x: 1.3397465,
            y: 15.0,
            z: 0.0,
        },
        Vector3 {
            x: 0.15192223,
            y: 11.736483,
            z: 0.0,
        },
        Vector3 {
            x: 0.15192223,
            y: 8.263517,
            z: 0.0,
        },
        Vector3 {
            x: 1.3397465,
            y: 5.0000005,
            z: 0.0,
        },
        Vector3 {
            x: 3.572125,
            y: 2.3395543,
            z: 0.0,
        },
        Vector3 {
            x: 6.5797997,
            y: 0.6030731,
            z: 0.0,
        },
        Vector3 {
            x: 10.0,
            y: 0.0,
            z: 0.0,
        },
    ],
    [
        Vector3 {
            x: -44.0,
            y: 0.0,
            z: 0.0,
        },
        Vector3 {
            x: -28.0,
            y: -16.0,
            z: 0.0,
        },
        Vector3 {
            x: -34.0,
            y: -16.0,
            z: 0.0,
        },
        Vector3 {
            x: -16.0,
            y: -28.0,
            z: 0.0,
        },
        Vector3 {
            x: -8.0,
            y: -20.0,
            z: 0.0,
        },
        Vector3 {
            x: 0.0,
            y: -28.0,
            z: 0.0,
        },
        Vector3 {
            x: 12.0,
            y: -38.0,
            z: 0.0,
        },
        Vector3 {
            x: 20.0,
            y: -24.0,
            z: 0.0,
        },
        Vector3 {
            x: 30.0,
            y: -24.0,
            z: 0.0,
        },
        Vector3 {
            x: 18.0,
            y: -4.0,
            z: 0.0,
        },
        Vector3 {
            x: 40.0,
            y: 0.0,
            z: 0.0,
        },
    ],
    [
        Vector3 {
            x: 0.0,
            y: 1.0,
            z: -0.0,
        },
        Vector3 {
            x: -0.4307692,
            y: 0.75384617,
            z: 0.49613893,
        },
        Vector3 {
            x: -0.38526914,
            y: 0.81869686,
            z: 0.42579705,
        },
        Vector3 {
            x: -0.4307692,
            y: 0.24615395,
            z: 0.8682431,
        },
        Vector3 {
            x: -0.3448276,
            y: 0.13793105,
            z: 0.9284767,
        },
        Vector3 {
            x: 0.0,
            y: 0.0,
            z: 1.0,
        },
        Vector3 {
            x: 0.28715366,
            y: 0.09068,
            z: 0.9535827,
        },
        Vector3 {
            x: 0.49180323,
            y: 0.4098361,
            z: 0.76822126,
        },
        Vector3 {
            x: 0.48780483,
            y: 0.6097561,
            z: 0.624695,
        },
        Vector3 {
            x: 0.21176472,
            y: 0.9529412,
            z: 0.21693046,
        },
        Vector3 {
            x: -0.0,
            y: 1.0,
            z: -0.0,
        },
    ],
)
