---
source: src/paths/path.rs
expression: samples
---
[
    Vector2 {
        x: 43.30127,
        y: 25.0,
    },
    Vector2 {
        x: 24.999998,
        y: 43.301273,
    },
    Vector2 {
        x: -2.1855694e-6,
        y: 50.0,
    },
    Vector2 {
        x: -25.000004,
        y: 43.30127,
    },
    Vector2 {
        x: -43.30127,
        y: 25.000004,
    },
    Vector2 {
        x: -50.0,
        y: 7.54979e-6,
    },
    Vector2 {
        x: -43.301277,
        y: -24.99999,
    },
    Vector2 {
        x: -25.000015,
        y: -43.30126,
    },
    Vector2 {
        x: -2.3245615e-5,
        y: -50.0,
    },
    Vector2 {
        x: 24.999975,
        y: -43.301285,
    },
    Vector2 {
        x: 43.301254,
        y: -25.00003,
    },
    Vector2 {
        x: 50.0,
        y: -3.8941438e-5,
    },
    Vector2 {
        x: 43.30127,
        y: 25.0,
    },
]
