---
source: src/paths/path.rs
expression: samples
---
[
    Vector3 {
        x: 43.30127,
        y: 25.0,
        z: 0.0,
    },
    Vector3 {
        x: 29.389263,
        y: 40.45085,
        z: 0.0,
    },
    Vector3 {
        x: 10.395583,
        y: 48.907383,
        z: 0.0,
    },
    Vector3 {
        x: -10.395587,
        y: 48.90738,
        z: 0.0,
    },
    Vector3 {
        x: -29.38926,
        y: 40.45085,
        z: 0.0,
    },
    Vector3 {
        x: -43.30127,
        y: 25.000004,
        z: 0.0,
    },
    Vector3 {
        x: -49.726097,
        y: 5.2264247,
        z: 0.0,
    },
    Vector3 {
        x: -47.552826,
        y: -15.450849,
        z: 0.0,
    },
    Vector3 {
        x: -37.15724,
        y: -33.45653,
        z: 0.0,
    },
    Vector3 {
        x: -20.336832,
        y: -45.677273,
        z: 0.0,
    },
    Vector3 {
        x: 5.9624404e-7,
        y: -50.0,
        z: 0.0,
    },
    Vector3 {
        x: 20.336834,
        y: -45.677273,
        z: 0.0,
    },
    Vector3 {
        x: 37.15724,
        y: -33.456528,
        z: 0.0,
    },
    Vector3 {
        x: 47.552826,
        y: -15.450848,
        z: 0.0,
    },
    Vector3 {
        x: 49.726097,
        y: 5.226417,
        z: 0.0,
    },
    Vector3 {
        x: 43.30127,
        y: 25.0,
        z: 0.0,
    },
]
