---
source: src/paths/path.rs
expression: samples
---
[
    Vector2 {
        x: 43.30127,
        y: 25.0,
    },
    Vector2 {
        x: 30.438068,
        y: 39.667667,
    },
    Vector2 {
        x: 12.940948,
        y: 48.296295,
    },
    Vector2 {
        x: -6.5263166,
        y: 49.572243,
    },
    Vector2 {
        x: -25.000004,
        y: 43.30127,
    },
    Vector2 {
        x: -39.667667,
        y: 30.438072,
    },
    Vector2 {
        x: -48.29629,
        y: 12.940957,
    },
    Vector2 {
        x: -49.572243,
        y: -6.526301,
    },
    Vector2 {
        x: -43.301277,
        y: -24.99999,
    },
    Vector2 {
        x: -30.438074,
        y: -39.667664,
    },
    Vector2 {
        x: -12.940949,
        y: -48.296295,
    },
    Vector2 {
        x: 6.5263205,
        y: -49.572243,
    },
    Vector2 {
        x: 25.000017,
        y: -43.30126,
    },
    Vector2 {
        x: 39.667683,
        y: -30.438051,
    },
    Vector2 {
        x: 48.2963,
        y: -12.940918,
    },
    Vector2 {
        x: 49.57224,
        y: 6.5263433,
    },
    Vector2 {
        x: 43.30127,
        y: 25.0,
    },
]
