---
source: src/paths/path.rs
expression: samples
---
[
    Vector3 {
        x: 43.30127,
        y: 25.0,
        z: 0.0,
    },
    Vector3 {
        x: -25.000004,
        y: 43.30127,
        z: 0.0,
    },
    Vector3 {
        x: -43.30126,
        y: -25.00001,
        z: 0.0,
    },
    Vector3 {
        x: 25.000017,
        y: -43.30126,
        z: 0.0,
    },
    Vector3 {
        x: 43.30127,
        y: 25.0,
        z: 0.0,
    },
]
