---
source: src/paths/path.rs
expression: samples
---
[
    Vector3 {
        x: 43.30127,
        y: 25.0,
        z: 0.0,
    },
    Vector3 {
        x: 7.452112,
        y: 49.44154,
        z: 0.0,
    },
    Vector3 {
        x: -34.008644,
        y: 36.652588,
        z: 0.0,
    },
    Vector3 {
        x: -49.860188,
        y: -3.7365067,
        z: 0.0,
    },
    Vector3 {
        x: -28.166004,
        y: -41.31194,
        z: 0.0,
    },
    Vector3 {
        x: 14.737751,
        y: -47.77864,
        z: 0.0,
    },
    Vector3 {
        x: 46.543682,
        y: -18.267065,
        z: 0.0,
    },
    Vector3 {
        x: 43.30127,
        y: 25.0,
        z: 0.0,
    },
]
