---
source: src/paths/path.rs
expression: samples
---
[
    Vector2 {
        x: 43.30127,
        y: 25.0,
    },
    Vector2 {
        x: 22.911324,
        y: 44.441776,
    },
    Vector2 {
        x: -4.7528067,
        y: 49.773594,
    },
    Vector2 {
        x: -30.907959,
        y: 39.302647,
    },
    Vector2 {
        x: -47.250046,
        y: 16.353386,
    },
    Vector2 {
        x: -48.590572,
        y: -11.787962,
    },
    Vector2 {
        x: -34.503937,
        y: -36.186714,
    },
    Vector2 {
        x: -9.462543,
        y: -49.09644,
    },
    Vector2 {
        x: 18.583132,
        y: -46.418392,
    },
    Vector2 {
        x: 40.728798,
        y: -29.002846,
    },
    Vector2 {
        x: 49.943367,
        y: -2.379106,
    },
    Vector2 {
        x: 43.30127,
        y: 25.0,
    },
]
