---
source: src/paths/arcs.rs
expression: "(eval_points, sample_points, derivative_points, normal_points)"
---
(
    [
        Vector3 {
            x: 10.0,
            y: 20.0,
            z: 0.0,
        },
        Vector3 {
            x: 6.909830056250526,
            y: 19.510565162951536,
            z: 0.0,
        },
        Vector3 {
            x: 4.12214747707527,
            y: 18.090169943749473,
            z: 0.0,
        },
        Vector3 {
            x: 1.9098300562505273,
            y: 15.877852522924734,
            z: 0.0,
        },
        Vector3 {
            x: 0.48943483704846535,
            y: 13.090169943749475,
            z: 0.0,
        },
        Vector3 {
            x: 0.0,
            y: 10.000000000000002,
            z: 0.0,
        },
        Vector3 {
            x: 0.4894348370484636,
            y: 6.909830056250527,
            z: 0.0,
        },
        Vector3 {
            x: 1.9098300562505255,
            y: 4.12214747707527,
            z: 0.0,
        },
        Vector3 {
            x: 4.122147477075267,
            y: 1.9098300562505273,
            z: 0.0,
        },
        Vector3 {
            x: 6.909830056250525,
            y: 0.48943483704846535,
            z: 0.0,
        },
        Vector3 {
            x: 9.999999999999998,
            y: 0.0,
            z: 0.0,
        },
    ],
    [
        Vector3 {
            x: 10.0,
            y: 20.0,
            z: 0.0,
        },
        Vector3 {
            x: 6.579798566743313,
            y: 19.396926207859085,
            z: 0.0,
        },
        Vector3 {
            x: 3.5721239031346075,
            y: 17.66044443118978,
            z: 0.0,
        },
        Vector3 {
            x: 1.3397459621556145,
            y: 15.000000000000004,
            z: 0.0,
        },
        Vector3 {
            x: 0.1519224698779187,
            y: 11.736481776669303,
            z: 0.0,
        },
        Vector3 {
            x: 0.1519224698779187,
            y: 8.2635182233307,
            z: 0.0,
        },
        Vector3 {
            x: 1.339745962155611,
            y: 5.000000000000002,
            z: 0.0,
        },
        Vector3 {
            x: 3.572123903134604,
            y: 2.339555568810221,
            z: 0.0,
        },
        Vector3 {
            x: 6.579798566743316,
            y: 0.6030737921409148,
            z: 0.0,
        },
        Vector3 {
            x: 9.999999999999998,
            y: 0.0,
            z: 0.0,
        },
    ],
    [
        Vector3 {
            x: -32.0,
            y: 0.0,
            z: 0.0,
        },
        Vector3 {
            x: -28.0,
            y: 0.0,
            z: 0.0,
        },
        Vector3 {
            x: -32.0,
            y: -24.0,
            z: 0.0,
        },
        Vector3 {
            x: -24.0,
            y: -32.0,
            z: 0.0,
        },
        Vector3 {
            x: -12.0,
            y: -40.0,
            z: 0.0,
        },
        Vector3 {
            x: 0.0,
            y: -40.0,
            z: 0.0,
        },
        Vector3 {
            x: 12.0,
            y: -38.0,
            z: 0.0,
        },
        Vector3 {
            x: 16.0,
            y: -24.0,
            z: 0.0,
        },
        Vector3 {
            x: 16.0,
            y: -16.0,
            z: 0.0,
        },
        Vector3 {
            x: 18.0,
            y: -8.0,
            z: 0.0,
        },
        Vector3 {
            x: 40.0,
            y: 0.0,
            z: 0.0,
        },
    ],
    [
        Vector3 {
            x: 0.0,
            y: 1.0,
            z: -0.0,
        },
        Vector3 {
            x: 0.0,
            y: 1.0,
            z: -0.0,
        },
        Vector3 {
            x: -0.4800000000000001,
            y: 0.6399999999999999,
            z: 0.6000000000000001,
        },
        Vector3 {
            x: -0.4800000000000001,
            y: 0.3599999999999999,
            z: 0.8,
        },
        Vector3 {
            x: -0.2752293577981651,
            y: 0.08256880733944949,
            z: 0.9578262852211514,
        },
        Vector3 {
            x: 0.0,
            y: 0.0,
            z: 1.0,
        },
        Vector3 {
            x: 0.2871536523929471,
            y: 0.09068010075566757,
            z: 0.9535826651341416,
        },
        Vector3 {
            x: 0.46153846153846156,
            y: 0.3076923076923076,
            z: 0.8320502943378437,
        },
        Vector3 {
            x: 0.4999999999999999,
            y: 0.5000000000000001,
            z: 0.7071067811865475,
        },
        Vector3 {
            x: 0.37113402061855677,
            y: 0.8350515463917525,
            z: 0.40613846605344767,
        },
        Vector3 {
            x: -0.0,
            y: 1.0,
            z: -0.0,
        },
    ],
)
