---
source: mndl-macro/tests/circle.rs
expression: samples
---
[
    Vector3 {
        x: 20.0,
        y: 0.0,
        z: 0.0,
    },
    Vector3 {
        x: 19.959734,
        y: 1.2684785,
        z: 0.0,
    },
    Vector3 {
        x: 19.839096,
        y: 2.5318491,
        z: 0.0,
    },
    Vector3 {
        x: 19.638575,
        y: 3.7850251,
        z: 0.0,
    },
    Vector3 {
        x: 19.358974,
        y: 5.0229597,
        z: 0.0,
    },
    Vector3 {
        x: 19.001423,
        y: 6.240669,
        z: 0.0,
    },
    Vector3 {
        x: 18.567358,
        y: 7.43325,
        z: 0.0,
    },
    Vector3 {
        x: 18.05853,
        y: 8.595898,
        z: 0.0,
    },
    Vector3 {
        x: 17.476988,
        y: 9.723935,
        z: 0.0,
    },
    Vector3 {
        x: 16.82507,
        y: 10.812817,
        z: 0.0,
    },
    Vector3 {
        x: 16.105406,
        y: 11.858159,
        z: 0.0,
    },
    Vector3 {
        x: 15.3208885,
        y: 12.855753,
        z: 0.0,
    },
    Vector3 {
        x: 14.474679,
        y: 13.80158,
        z: 0.0,
    },
    Vector3 {
        x: 13.570187,
        y: 14.691834,
        z: 0.0,
    },
    Vector3 {
        x: 12.611053,
        y: 15.522929,
        z: 0.0,
    },
    Vector3 {
        x: 11.601137,
        y: 16.29152,
        z: 0.0,
    },
    Vector3 {
        x: 10.544509,
        y: 16.994509,
        z: 0.0,
    },
    Vector3 {
        x: 9.44542,
        y: 17.629068,
        z: 0.0,
    },
    Vector3 {
        x: 8.308299,
        y: 18.19264,
        z: 0.0,
    },
    Vector3 {
        x: 7.137725,
        y: 18.682957,
        z: 0.0,
    },
    Vector3 {
        x: 5.938407,
        y: 19.098045,
        z: 0.0,
    },
    Vector3 {
        x: 4.7151775,
        y: 19.436232,
        z: 0.0,
    },
    Vector3 {
        x: 3.4729621,
        y: 19.696156,
        z: 0.0,
    },
    Vector3 {
        x: 2.2167642,
        y: 19.87677,
        z: 0.0,
    },
    Vector3 {
        x: 0.95163554,
        y: 19.977346,
        z: 0.0,
    },
    Vector3 {
        x: -0.3173179,
        y: 19.997482,
        z: 0.0,
    },
    Vector3 {
        x: -1.5850008,
        y: 19.937096,
        z: 0.0,
    },
    Vector3 {
        x: -2.8462992,
        y: 19.796429,
        z: 0.0,
    },
    Vector3 {
        x: -4.0961337,
        y: 19.57605,
        z: 0.0,
    },
    Vector3 {
        x: -5.3294773,
        y: 19.276844,
        z: 0.0,
    },
    Vector3 {
        x: -6.541361,
        y: 18.900015,
        z: 0.0,
    },
    Vector3 {
        x: -7.7269025,
        y: 18.447086,
        z: 0.0,
    },
    Vector3 {
        x: -8.881332,
        y: 17.919876,
        z: 0.0,
    },
    Vector3 {
        x: -10.000001,
        y: 17.320507,
        z: 0.0,
    },
    Vector3 {
        x: -11.078403,
        y: 16.651396,
        z: 0.0,
    },
    Vector3 {
        x: -12.112196,
        y: 15.9152355,
        z: 0.0,
    },
    Vector3 {
        x: -13.097218,
        y: 15.114989,
        z: 0.0,
    },
    Vector3 {
        x: -14.029497,
        y: 14.253884,
        z: 0.0,
    },
    Vector3 {
        x: -14.905289,
        y: 13.335381,
        z: 0.0,
    },
    Vector3 {
        x: -15.721065,
        y: 12.363176,
        z: 0.0,
    },
    Vector3 {
        x: -16.473532,
        y: 11.341196,
        z: 0.0,
    },
    Vector3 {
        x: -17.15967,
        y: 10.273547,
        z: 0.0,
    },
    Vector3 {
        x: -17.77671,
        y: 9.164529,
        z: 0.0,
    },
    Vector3 {
        x: -18.32217,
        y: 8.018608,
        z: 0.0,
    },
    Vector3 {
        x: -18.793854,
        y: 6.8404,
        z: 0.0,
    },
    Vector3 {
        x: -19.189861,
        y: 5.6346474,
        z: 0.0,
    },
    Vector3 {
        x: -19.508595,
        y: 4.406211,
        z: 0.0,
    },
    Vector3 {
        x: -19.74878,
        y: 3.1600275,
        z: 0.0,
    },
    Vector3 {
        x: -19.90944,
        y: 1.9011153,
        z: 0.0,
    },
    Vector3 {
        x: -19.989931,
        y: 0.63455725,
        z: 0.0,
    },
    Vector3 {
        x: -19.989931,
        y: -0.63455594,
        z: 0.0,
    },
    Vector3 {
        x: -19.90944,
        y: -1.9011188,
        z: 0.0,
    },
    Vector3 {
        x: -19.748777,
        y: -3.160031,
        z: 0.0,
    },
    Vector3 {
        x: -19.508595,
        y: -4.406214,
        z: 0.0,
    },
    Vector3 {
        x: -19.189857,
        y: -5.6346555,
        z: 0.0,
    },
    Vector3 {
        x: -18.793852,
        y: -6.840408,
        z: 0.0,
    },
    Vector3 {
        x: -18.322168,
        y: -8.018612,
        z: 0.0,
    },
    Vector3 {
        x: -17.776709,
        y: -9.164532,
        z: 0.0,
    },
    Vector3 {
        x: -17.159668,
        y: -10.27355,
        z: 0.0,
    },
    Vector3 {
        x: -16.47353,
        y: -11.3412,
        z: 0.0,
    },
    Vector3 {
        x: -15.72106,
        y: -12.363182,
        z: 0.0,
    },
    Vector3 {
        x: -14.905286,
        y: -13.335382,
        z: 0.0,
    },
    Vector3 {
        x: -14.029498,
        y: -14.253883,
        z: 0.0,
    },
    Vector3 {
        x: -13.097215,
        y: -15.114992,
        z: 0.0,
    },
    Vector3 {
        x: -12.112193,
        y: -15.915237,
        z: 0.0,
    },
    Vector3 {
        x: -11.0784,
        y: -16.651398,
        z: 0.0,
    },
    Vector3 {
        x: -9.999998,
        y: -17.320509,
        z: 0.0,
    },
    Vector3 {
        x: -8.88133,
        y: -17.919876,
        z: 0.0,
    },
    Vector3 {
        x: -7.726899,
        y: -18.447086,
        z: 0.0,
    },
    Vector3 {
        x: -6.541355,
        y: -18.900017,
        z: 0.0,
    },
    Vector3 {
        x: -5.3294716,
        y: -19.276844,
        z: 0.0,
    },
    Vector3 {
        x: -4.096128,
        y: -19.57605,
        z: 0.0,
    },
    Vector3 {
        x: -2.8462908,
        y: -19.79643,
        z: 0.0,
    },
    Vector3 {
        x: -1.5850021,
        y: -19.937096,
        z: 0.0,
    },
    Vector3 {
        x: -0.31732157,
        y: -19.997482,
        z: 0.0,
    },
    Vector3 {
        x: 0.9516367,
        y: -19.977346,
        z: 0.0,
    },
    Vector3 {
        x: 2.216763,
        y: -19.87677,
        z: 0.0,
    },
    Vector3 {
        x: 3.4729724,
        y: -19.696154,
        z: 0.0,
    },
    Vector3 {
        x: 4.715188,
        y: -19.43623,
        z: 0.0,
    },
    Vector3 {
        x: 5.9384084,
        y: -19.098045,
        z: 0.0,
    },
    Vector3 {
        x: 7.137726,
        y: -18.682957,
        z: 0.0,
    },
    Vector3 {
        x: 8.308302,
        y: -18.192638,
        z: 0.0,
    },
    Vector3 {
        x: 9.445424,
        y: -17.629066,
        z: 0.0,
    },
    Vector3 {
        x: 10.544512,
        y: -16.994507,
        z: 0.0,
    },
    Vector3 {
        x: 11.601142,
        y: -16.291517,
        z: 0.0,
    },
    Vector3 {
        x: 12.611056,
        y: -15.522927,
        z: 0.0,
    },
    Vector3 {
        x: 13.570192,
        y: -14.691831,
        z: 0.0,
    },
    Vector3 {
        x: 14.474686,
        y: -13.801576,
        z: 0.0,
    },
    Vector3 {
        x: 15.320892,
        y: -12.855748,
        z: 0.0,
    },
    Vector3 {
        x: 16.105408,
        y: -11.858153,
        z: 0.0,
    },
    Vector3 {
        x: 16.825075,
        y: -10.812809,
        z: 0.0,
    },
    Vector3 {
        x: 17.476986,
        y: -9.723936,
        z: 0.0,
    },
    Vector3 {
        x: 18.05853,
        y: -8.595899,
        z: 0.0,
    },
    Vector3 {
        x: 18.567358,
        y: -7.4332495,
        z: 0.0,
    },
    Vector3 {
        x: 19.001423,
        y: -6.2406683,
        z: 0.0,
    },
    Vector3 {
        x: 19.358974,
        y: -5.0229588,
        z: 0.0,
    },
    Vector3 {
        x: 19.638577,
        y: -3.785014,
        z: 0.0,
    },
    Vector3 {
        x: 19.839096,
        y: -2.5318468,
        z: 0.0,
    },
    Vector3 {
        x: 19.959734,
        y: -1.2684755,
        z: 0.0,
    },
    Vector3 {
        x: 20.0,
        y: 3.4969112e-6,
        z: 0.0,
    },
]
